src/components/Calendar.tsx(86,11): error TS6133: 'lastDay' is declared but its value is never read.
src/components/EventoDetailModal.tsx(16,3): error TS6133: 'Avatar' is declared but its value is never read.
src/components/EventoDetailModal.tsx(17,3): error TS6133: 'AvatarGroup' is declared but its value is never read.
src/components/EventoFormModal.tsx(150,31): error TS6133: 'event' is declared but its value is never read.
src/components/Navbar.tsx(33,3): error TS6133: 'AccountBoxOutlined' is declared but its value is never read.
src/pages/admin/AuditoriaGlobal.tsx(206,21): error TS6133: 'value' is declared but its value is never read.
src/pages/admin/AuditoriaGlobal.tsx(212,21): error TS6133: 'value' is declared but its value is never read.
src/pages/admin/AuditoriaGlobal.tsx(223,21): error TS6133: 'value' is declared but its value is never read.
src/pages/admin/AuditoriaGlobal.tsx(251,21): error TS6133: 'value' is declared but its value is never read.
src/pages/admin/AuditoriaGlobal.tsx(257,21): error TS6133: 'value' is declared but its value is never read.
src/pages/admin/AuditoriaGlobal.tsx(264,21): error TS6133: 'value' is declared but its value is never read.
src/pages/Dashboard.tsx(10,44): error TS6133: 'AddCircleOutline' is declared but its value is never read.
src/pages/Dashboard.tsx(10,62): error TS6133: 'DateRange' is declared but its value is never read.
src/pages/Dashboard.tsx(10,73): error TS6133: 'AttachMoney' is declared but its value is never read.
src/pages/Dashboard.tsx(12,1): error TS6192: All imports in import declaration are unused.
src/pages/Inventario.tsx(31,3): error TS6133: 'CheckCircleOutline' is declared but its value is never read.
src/pages/Inventario.tsx(624,10): error TS2769: No overload matches this call.
  Overload 1 of 2, '(props: { component: ElementType<any, keyof IntrinsicElements>; } & GridBaseProps & { sx?: SxProps<Theme> | undefined; } & SystemProps<...> & Omit<...>): Element | null', gave the following error.
    Property 'component' is missing in type '{ children: Element; item: true; xs: number; sm: number; md: number; }' but required in type '{ component: ElementType<any, keyof IntrinsicElements>; }'.
  Overload 2 of 2, '(props: DefaultComponentProps<GridTypeMap<{}, "div">>): Element | null', gave the following error.
    Type '{ children: Element; item: true; xs: number; sm: number; md: number; }' is not assignable to type 'IntrinsicAttributes & GridBaseProps & { sx?: SxProps<Theme> | undefined; } & SystemProps<Theme> & Omit<...>'.
      Property 'item' does not exist on type 'IntrinsicAttributes & GridBaseProps & { sx?: SxProps<Theme> | undefined; } & SystemProps<Theme> & Omit<...>'.
src/pages/Inventario.tsx(637,10): error TS2769: No overload matches this call.
  Overload 1 of 2, '(props: { component: ElementType<any, keyof IntrinsicElements>; } & GridBaseProps & { sx?: SxProps<Theme> | undefined; } & SystemProps<...> & Omit<...>): Element | null', gave the following error.
    Property 'component' is missing in type '{ children: Element; item: true; xs: number; sm: number; md: number; }' but required in type '{ component: ElementType<any, keyof IntrinsicElements>; }'.
  Overload 2 of 2, '(props: DefaultComponentProps<GridTypeMap<{}, "div">>): Element | null', gave the following error.
    Type '{ children: Element; item: true; xs: number; sm: number; md: number; }' is not assignable to type 'IntrinsicAttributes & GridBaseProps & { sx?: SxProps<Theme> | undefined; } & SystemProps<Theme> & Omit<...>'.
      Property 'item' does not exist on type 'IntrinsicAttributes & GridBaseProps & { sx?: SxProps<Theme> | undefined; } & SystemProps<Theme> & Omit<...>'.
src/pages/Inventario.tsx(650,10): error TS2769: No overload matches this call.
  Overload 1 of 2, '(props: { component: ElementType<any, keyof IntrinsicElements>; } & GridBaseProps & { sx?: SxProps<Theme> | undefined; } & SystemProps<...> & Omit<...>): Element | null', gave the following error.
    Property 'component' is missing in type '{ children: Element; item: true; xs: number; sm: number; md: number; }' but required in type '{ component: ElementType<any, keyof IntrinsicElements>; }'.
  Overload 2 of 2, '(props: DefaultComponentProps<GridTypeMap<{}, "div">>): Element | null', gave the following error.
    Type '{ children: Element; item: true; xs: number; sm: number; md: number; }' is not assignable to type 'IntrinsicAttributes & GridBaseProps & { sx?: SxProps<Theme> | undefined; } & SystemProps<Theme> & Omit<...>'.
      Property 'item' does not exist on type 'IntrinsicAttributes & GridBaseProps & { sx?: SxProps<Theme> | undefined; } & SystemProps<Theme> & Omit<...>'.
src/pages/Inventario.tsx(663,10): error TS2769: No overload matches this call.
  Overload 1 of 2, '(props: { component: ElementType<any, keyof IntrinsicElements>; } & GridBaseProps & { sx?: SxProps<Theme> | undefined; } & SystemProps<...> & Omit<...>): Element | null', gave the following error.
    Property 'component' is missing in type '{ children: Element; item: true; xs: number; sm: number; md: number; }' but required in type '{ component: ElementType<any, keyof IntrinsicElements>; }'.
  Overload 2 of 2, '(props: DefaultComponentProps<GridTypeMap<{}, "div">>): Element | null', gave the following error.
    Type '{ children: Element; item: true; xs: number; sm: number; md: number; }' is not assignable to type 'IntrinsicAttributes & GridBaseProps & { sx?: SxProps<Theme> | undefined; } & SystemProps<Theme> & Omit<...>'.
      Property 'item' does not exist on type 'IntrinsicAttributes & GridBaseProps & { sx?: SxProps<Theme> | undefined; } & SystemProps<Theme> & Omit<...>'.
